<html>
<body>
<pre>
<h1>µVision Build Log</h1>
<h2>Project:</h2>
C:\Keil\ARM\Examples\Measure\example\pwm.uvproj
Project File Date:  08/12/2020

<h2>Output:</h2>
Build target 'Target 1'
assembling Startup.s...
compiling pwm.c...
pwm.c(78): warning:  #1-D: last line of file ends without a newline
linking...
Program Size: Code=1008 RO-data=16 RW-data=0 ZI-data=1256  
FromELF: creating hex file...
"pwm.axf" - 0 Error(s), 1 Warning(s).
Build target 'Target 1'
compiling pwm.c...
pwm.c(78): warning:  #1-D: last line of file ends without a newline
linking...
Program Size: Code=1008 RO-data=16 RW-data=0 ZI-data=1256  
FromELF: creating hex file...
"pwm.axf" - 0 Error(s), 1 Warning(s).
Build target 'Target 1'
compiling pwm.c...
pwm.c(78): warning:  #1-D: last line of file ends without a newline
linking...
Program Size: Code=1008 RO-data=16 RW-data=0 ZI-data=1256  
FromELF: creating hex file...
"pwm.axf" - 0 Error(s), 1 Warning(s).
Build target 'Target 1'
compiling pwm.c...
pwm.c(78): warning:  #1-D: last line of file ends without a newline
linking...
Program Size: Code=1012 RO-data=16 RW-data=0 ZI-data=1256  
FromELF: creating hex file...
"pwm.axf" - 0 Error(s), 1 Warning(s).
Build target 'Target 1'
compiling pwm.c...
pwm.c(78): warning:  #1-D: last line of file ends without a newline
linking...
Program Size: Code=1008 RO-data=16 RW-data=0 ZI-data=1256  
FromELF: creating hex file...
"pwm.axf" - 0 Error(s), 1 Warning(s).
Build target 'Target 1'
compiling pwm.c...
pwm.c(78): warning:  #1-D: last line of file ends without a newline
linking...
Program Size: Code=1008 RO-data=16 RW-data=0 ZI-data=1256  
FromELF: creating hex file...
"pwm.axf" - 0 Error(s), 1 Warning(s).
Build target 'Target 1'
compiling pwm.c...
pwm.c(78): warning:  #1-D: last line of file ends without a newline
linking...
Program Size: Code=1008 RO-data=16 RW-data=0 ZI-data=1256  
FromELF: creating hex file...
"pwm.axf" - 0 Error(s), 1 Warning(s).
Build target 'Target 1'
linking...
Program Size: Code=1008 RO-data=16 RW-data=0 ZI-data=1256  
FromELF: creating hex file...
"pwm.axf" - 0 Error(s), 0 Warning(s).
Build target 'Target 1'
compiling pwm.c...
pwm.c(78): warning:  #1-D: last line of file ends without a newline
linking...
Program Size: Code=1008 RO-data=16 RW-data=0 ZI-data=1256  
FromELF: creating hex file...
"pwm.axf" - 0 Error(s), 1 Warning(s).
Build target 'Target 1'
compiling pwm.c...
pwm.c(78): warning:  #1-D: last line of file ends without a newline
linking...
Program Size: Code=1008 RO-data=16 RW-data=0 ZI-data=1256  
FromELF: creating hex file...
"pwm.axf" - 0 Error(s), 1 Warning(s).
Build target 'Target 1'
compiling pwm.c...
pwm.c(78): warning:  #1-D: last line of file ends without a newline
linking...
Program Size: Code=1008 RO-data=16 RW-data=0 ZI-data=1256  
FromELF: creating hex file...
"pwm.axf" - 0 Error(s), 1 Warning(s).
Build target 'Target 1'
compiling pwm.c...
pwm.c(14): warning:  #69-D: integer conversion resulted in truncation
pwm.c(78): warning:  #1-D: last line of file ends without a newline
linking...
Program Size: Code=1008 RO-data=16 RW-data=0 ZI-data=1256  
FromELF: creating hex file...
"pwm.axf" - 0 Error(s), 2 Warning(s).
Build target 'Target 1'
compiling pwm.c...
pwm.c(14): warning:  #69-D: integer conversion resulted in truncation
pwm.c(78): warning:  #1-D: last line of file ends without a newline
linking...
Program Size: Code=1008 RO-data=16 RW-data=0 ZI-data=1256  
FromELF: creating hex file...
"pwm.axf" - 0 Error(s), 2 Warning(s).
Build target 'Target 1'
compiling pwm.c...
pwm.c(78): warning:  #1-D: last line of file ends without a newline
linking...
Program Size: Code=1008 RO-data=16 RW-data=0 ZI-data=1256  
FromELF: creating hex file...
"pwm.axf" - 0 Error(s), 1 Warning(s).
Build target 'Target 1'
compiling pwm.c...
pwm.c(78): warning:  #1-D: last line of file ends without a newline
linking...
Program Size: Code=1004 RO-data=16 RW-data=0 ZI-data=1256  
FromELF: creating hex file...
"pwm.axf" - 0 Error(s), 1 Warning(s).
Build target 'Target 1'
compiling pwm.c...
pwm.c(78): warning:  #1-D: last line of file ends without a newline
linking...
Program Size: Code=1008 RO-data=16 RW-data=0 ZI-data=1256  
FromELF: creating hex file...
"pwm.axf" - 0 Error(s), 1 Warning(s).
Build target 'Target 1'
compiling pwm.c...
pwm.c(78): warning:  #1-D: last line of file ends without a newline
linking...
Program Size: Code=1012 RO-data=16 RW-data=0 ZI-data=1256  
FromELF: creating hex file...
"pwm.axf" - 0 Error(s), 1 Warning(s).
Rebuild target 'Target 1'
assembling Startup.s...
compiling pwm.c...
pwm.c(78): warning:  #1-D: last line of file ends without a newline
linking...
Program Size: Code=1012 RO-data=16 RW-data=0 ZI-data=1256  
FromELF: creating hex file...
"pwm.axf" - 0 Error(s), 1 Warning(s).
Rebuild target 'Target 1'
assembling Startup.s...
compiling pwm.c...
pwm.c(78): warning:  #1-D: last line of file ends without a newline
linking...
Program Size: Code=1012 RO-data=16 RW-data=0 ZI-data=1256  
FromELF: creating hex file...
"pwm.axf" - 0 Error(s), 1 Warning(s).
Build target 'Target 1'
compiling pwm.c...
pwm.c(101): warning:  #1-D: last line of file ends without a newline
linking...
Program Size: Code=1108 RO-data=16 RW-data=0 ZI-data=1256  
FromELF: creating hex file...
"pwm.axf" - 0 Error(s), 1 Warning(s).
Build target 'Target 1'
compiling pwm.c...
pwm.c(2): error:  #130: expected a "{"
pwm.c(5): warning:  #12-D: parsing restarts here after previous syntax error
pwm.c(5): warning:  #223-D: function "initClocks" declared implicitly
pwm.c(20): error:  #268: declaration may not appear after executable statement in block
pwm.c(21): error:  #65: expected a ";"
pwm.c(43): warning:  #1-D: last line of file ends without a newline
pwm.c(43): warning:  #12-D: parsing restarts here after previous syntax error
pwm.c(43): error: At end of source:  #67: expected a "}"
Target not created
Build target 'Target 1'
compiling pwm.c...
pwm.c(20): error:  #268: declaration may not appear after executable statement in block
pwm.c(21): error:  #65: expected a ";"
pwm.c(43): warning:  #1-D: last line of file ends without a newline
pwm.c(43): warning:  #12-D: parsing restarts here after previous syntax error
pwm.c(43): error: At end of source:  #67: expected a "}"
Target not created
Build target 'Target 1'
compiling pwm.c...
pwm.c(20): error:  #268: declaration may not appear after executable statement in block
pwm.c(21): error:  #65: expected a ";"
pwm.c(43): warning:  #12-D: parsing restarts here after previous syntax error
pwm.c(43): error: At end of source:  #67: expected a "}"
Target not created
Build target 'Target 1'
compiling pwm.c...
pwm.c(20): error:  #268: declaration may not appear after executable statement in block
pwm.c(21): error:  #65: expected a ";"
pwm.c(43): warning:  #12-D: parsing restarts here after previous syntax error
pwm.c(43): error: At end of source:  #67: expected a "}"
Target not created
Build target 'Target 1'
compiling pwm.c...
pwm.c(20): error:  #268: declaration may not appear after executable statement in block
pwm.c(21): error:  #65: expected a ";"
pwm.c(44): warning:  #12-D: parsing restarts here after previous syntax error
pwm.c(44): error: At end of source:  #67: expected a "}"
Target not created
Build target 'Target 1'
compiling pwm.c...
pwm.c(20): error:  #268: declaration may not appear after executable statement in block
pwm.c(21): error:  #65: expected a ";"
pwm.c(43): warning:  #12-D: parsing restarts here after previous syntax error
Target not created
Build target 'Target 1'
compiling pwm.c...
pwm.c(20): error:  #268: declaration may not appear after executable statement in block
pwm.c(21): error:  #65: expected a ";"
pwm.c(43): warning:  #12-D: parsing restarts here after previous syntax error
Target not created
Build target 'Target 1'
compiling pwm.c...
pwm.c(20): error:  #268: declaration may not appear after executable statement in block
pwm.c(21): error:  #65: expected a ";"
pwm.c(43): warning:  #12-D: parsing restarts here after previous syntax error
Target not created
Build target 'Target 1'
compiling pwm.c...
pwm.c(20): error:  #268: declaration may not appear after executable statement in block
pwm.c(21): error:  #65: expected a ";"
pwm.c(44): warning:  #12-D: parsing restarts here after previous syntax error
Target not created
Build target 'Target 1'
compiling pwm.c...
pwm.c(20): error:  #268: declaration may not appear after executable statement in block
pwm.c(21): error:  #65: expected a ";"
pwm.c(45): warning:  #12-D: parsing restarts here after previous syntax error
Target not created
Build target 'Target 1'
compiling pwm.c...
pwm.c(22): error:  #268: declaration may not appear after executable statement in block
pwm.c(23): error:  #65: expected a ";"
pwm.c(47): warning:  #12-D: parsing restarts here after previous syntax error
Target not created
Build target 'Target 1'
compiling pwm.c...
pwm.c(22): error:  #268: declaration may not appear after executable statement in block
pwm.c(23): error:  #65: expected a ";"
pwm.c(47): warning:  #12-D: parsing restarts here after previous syntax error
Target not created
Build target 'Target 1'
compiling pwm.c...
pwm.c(22): error:  #268: declaration may not appear after executable statement in block
pwm.c(23): error:  #65: expected a ";"
pwm.c(47): warning:  #12-D: parsing restarts here after previous syntax error
Target not created
Build target 'Target 1'
compiling pwm.c...
pwm.c(22): error:  #268: declaration may not appear after executable statement in block
pwm.c(23): error:  #65: expected a ";"
pwm.c(47): warning:  #12-D: parsing restarts here after previous syntax error
Target not created
Build target 'Target 1'
compiling pwm.c...
pwm.c(22): error:  #268: declaration may not appear after executable statement in block
pwm.c(23): error:  #65: expected a ";"
pwm.c(47): warning:  #12-D: parsing restarts here after previous syntax error
Target not created
Build target 'Target 1'
compiling pwm.c...
pwm.c(23): error:  #268: declaration may not appear after executable statement in block
pwm.c(24): error:  #65: expected a ";"
pwm.c(49): warning:  #12-D: parsing restarts here after previous syntax error
Target not created
Build target 'Target 1'
compiling pwm.c...
pwm.c(31): error:  #268: declaration may not appear after executable statement in block
pwm.c(32): error:  #65: expected a ";"
pwm.c(59): warning:  #12-D: parsing restarts here after previous syntax error
Target not created
Build target 'Target 1'
compiling pwm.c...
pwm.c(31): error:  #268: declaration may not appear after executable statement in block
pwm.c(44): error:  #268: declaration may not appear after executable statement in block
pwm.c(45): error:  #65: expected a ";"
pwm.c(59): warning:  #12-D: parsing restarts here after previous syntax error
Target not created
Build target 'Target 1'
compiling pwm.c...
pwm.c(31): error:  #268: declaration may not appear after executable statement in block
pwm.c(44): error:  #268: declaration may not appear after executable statement in block
pwm.c(50): error:  #20: identifier "PLLSTAT" is undefined
pwm.c(50): error:  #29: expected an expression
Target not created
Build target 'Target 1'
compiling pwm.c...
pwm.c(31): error:  #268: declaration may not appear after executable statement in block
pwm.c(44): error:  #268: declaration may not appear after executable statement in block
pwm.c(50): error:  #29: expected an expression
Target not created
Build target 'Target 1'
compiling pwm.c...
pwm.c(34): error:  #169: expected a declaration
pwm.c(47): error:  #169: expected a declaration
Target not created
Build target 'Target 1'
compiling pwm.c...
pwm.c(53): error:  #29: expected an expression
Target not created
Build target 'Target 1'
compiling pwm.c...
linking...
Program Size: Code=1132 RO-data=16 RW-data=0 ZI-data=1256  
FromELF: creating hex file...
"pwm.axf" - 0 Error(s), 0 Warning(s).
Build target 'Target 1'
compiling pwm.c...
pwm.c(65): warning:  #1-D: last line of file ends without a newline
linking...
Program Size: Code=1132 RO-data=16 RW-data=0 ZI-data=1256  
FromELF: creating hex file...
"pwm.axf" - 0 Error(s), 1 Warning(s).
Build target 'Target 1'
compiling pwm.c...
pwm.c(65): warning:  #1-D: last line of file ends without a newline
linking...
Program Size: Code=1132 RO-data=16 RW-data=0 ZI-data=1256  
FromELF: creating hex file...
"pwm.axf" - 0 Error(s), 1 Warning(s).
Build target 'Target 1'
compiling pwm.c...
pwm.c(65): warning:  #1-D: last line of file ends without a newline
linking...
Program Size: Code=1132 RO-data=16 RW-data=0 ZI-data=1256  
FromELF: creating hex file...
"pwm.axf" - 0 Error(s), 1 Warning(s).
Build target 'Target 1'
compiling pwm.c...
pwm.c(13): warning:  #951-D: return type of function "main" must be "int"
pwm.c(25): warning:  #1-D: last line of file ends without a newline
linking...
Program Size: Code=844 RO-data=16 RW-data=0 ZI-data=1256  
FromELF: creating hex file...
"pwm.axf" - 0 Error(s), 2 Warning(s).
Build target 'Target 1'
compiling pwm.c...
pwm.c(13): warning:  #951-D: return type of function "main" must be "int"
pwm.c(25): warning:  #1-D: last line of file ends without a newline
linking...
Program Size: Code=836 RO-data=16 RW-data=0 ZI-data=1256  
FromELF: creating hex file...
"pwm.axf" - 0 Error(s), 2 Warning(s).
Build target 'Target 1'
compiling pwm.c...
pwm.c(13): warning:  #951-D: return type of function "main" must be "int"
pwm.c(25): warning:  #1-D: last line of file ends without a newline
linking...
Program Size: Code=844 RO-data=16 RW-data=0 ZI-data=1256  
FromELF: creating hex file...
"pwm.axf" - 0 Error(s), 2 Warning(s).
Build target 'Target 1'
compiling pwm.c...
pwm.c(13): warning:  #951-D: return type of function "main" must be "int"
pwm.c(25): warning:  #1-D: last line of file ends without a newline
linking...
Program Size: Code=836 RO-data=16 RW-data=0 ZI-data=1256  
FromELF: creating hex file...
"pwm.axf" - 0 Error(s), 2 Warning(s).
Build target 'Target 1'
compiling pwm.c...
pwm.c(13): warning:  #951-D: return type of function "main" must be "int"
pwm.c(25): warning:  #1-D: last line of file ends without a newline
linking...
Program Size: Code=840 RO-data=16 RW-data=0 ZI-data=1256  
FromELF: creating hex file...
"pwm.axf" - 0 Error(s), 2 Warning(s).
Build target 'Target 1'
compiling pwm.c...
pwm.c(13): warning:  #951-D: return type of function "main" must be "int"
pwm.c(25): warning:  #1-D: last line of file ends without a newline
linking...
Program Size: Code=844 RO-data=16 RW-data=0 ZI-data=1256  
FromELF: creating hex file...
"pwm.axf" - 0 Error(s), 2 Warning(s).
Build target 'Target 1'
compiling pwm.c...
pwm.c(13): warning:  #951-D: return type of function "main" must be "int"
pwm.c(25): warning:  #1-D: last line of file ends without a newline
linking...
Program Size: Code=840 RO-data=16 RW-data=0 ZI-data=1256  
FromELF: creating hex file...
"pwm.axf" - 0 Error(s), 2 Warning(s).
Build target 'Target 1'
compiling pwm.c...
pwm.c(13): warning:  #951-D: return type of function "main" must be "int"
pwm.c(26): warning:  #1-D: last line of file ends without a newline
linking...
Program Size: Code=844 RO-data=16 RW-data=0 ZI-data=1256  
FromELF: creating hex file...
"pwm.axf" - 0 Error(s), 2 Warning(s).
Build target 'Target 1'
compiling pwm.c...
pwm.c(13): warning:  #951-D: return type of function "main" must be "int"
pwm.c(26): warning:  #1-D: last line of file ends without a newline
linking...
Program Size: Code=848 RO-data=16 RW-data=0 ZI-data=1256  
FromELF: creating hex file...
"pwm.axf" - 0 Error(s), 2 Warning(s).
Build target 'Target 1'
linking...
Program Size: Code=848 RO-data=16 RW-data=0 ZI-data=1256  
FromELF: creating hex file...
"pwm.axf" - 0 Error(s), 0 Warning(s).
Build target 'Target 1'
compiling pwm.c...
pwm.c(13): warning:  #951-D: return type of function "main" must be "int"
pwm.c(26): warning:  #1-D: last line of file ends without a newline
linking...
Program Size: Code=848 RO-data=16 RW-data=0 ZI-data=1256  
FromELF: creating hex file...
"pwm.axf" - 0 Error(s), 2 Warning(s).
Build target 'Target 1'
compiling pwm.c...
pwm.c(13): warning:  #951-D: return type of function "main" must be "int"
pwm.c(26): warning:  #1-D: last line of file ends without a newline
linking...
Program Size: Code=848 RO-data=16 RW-data=0 ZI-data=1256  
FromELF: creating hex file...
"pwm.axf" - 0 Error(s), 2 Warning(s).
Build target 'Target 1'
compiling pwm.c...
pwm.c(13): warning:  #951-D: return type of function "main" must be "int"
pwm.c(26): warning:  #1-D: last line of file ends without a newline
linking...
Program Size: Code=848 RO-data=16 RW-data=0 ZI-data=1256  
FromELF: creating hex file...
"pwm.axf" - 0 Error(s), 2 Warning(s).
Build target 'Target 1'
compiling pwm.c...
pwm.c(13): warning:  #951-D: return type of function "main" must be "int"
pwm.c(26): warning:  #1-D: last line of file ends without a newline
linking...
Program Size: Code=848 RO-data=16 RW-data=0 ZI-data=1256  
FromELF: creating hex file...
"pwm.axf" - 0 Error(s), 2 Warning(s).
Build target 'Target 1'
compiling pwm.c...
pwm.c(13): warning:  #951-D: return type of function "main" must be "int"
pwm.c(26): warning:  #1-D: last line of file ends without a newline
linking...
Program Size: Code=848 RO-data=16 RW-data=0 ZI-data=1256  
FromELF: creating hex file...
"pwm.axf" - 0 Error(s), 2 Warning(s).
Build target 'Target 1'
compiling pwm.c...
pwm.c(13): warning:  #951-D: return type of function "main" must be "int"
pwm.c(26): warning:  #1-D: last line of file ends without a newline
linking...
Program Size: Code=848 RO-data=16 RW-data=0 ZI-data=1256  
FromELF: creating hex file...
"pwm.axf" - 0 Error(s), 2 Warning(s).
Build target 'Target 1'
compiling pwm.c...
pwm.c(13): warning:  #951-D: return type of function "main" must be "int"
pwm.c(26): warning:  #1-D: last line of file ends without a newline
linking...
Program Size: Code=852 RO-data=16 RW-data=0 ZI-data=1256  
FromELF: creating hex file...
"pwm.axf" - 0 Error(s), 2 Warning(s).
Build target 'Target 1'
compiling pwm.c...
pwm.c(13): warning:  #951-D: return type of function "main" must be "int"
pwm.c(26): warning:  #1-D: last line of file ends without a newline
linking...
Program Size: Code=852 RO-data=16 RW-data=0 ZI-data=1256  
FromELF: creating hex file...
"pwm.axf" - 0 Error(s), 2 Warning(s).
Build target 'Target 1'
linking...
Program Size: Code=852 RO-data=16 RW-data=0 ZI-data=1256  
FromELF: creating hex file...
"pwm.axf" - 0 Error(s), 0 Warning(s).
Build target 'Target 1'
compiling pwm.c...
pwm.c(13): warning:  #951-D: return type of function "main" must be "int"
pwm.c(26): warning:  #1-D: last line of file ends without a newline
linking...
Program Size: Code=856 RO-data=16 RW-data=0 ZI-data=1256  
FromELF: creating hex file...
"pwm.axf" - 0 Error(s), 2 Warning(s).
